// Vitest Snapshot v1

exports[`InfoText > should match snapshot 1`] = `
<div
  class="infotext"
>
  <p>
     Fantom on Fire monitors the total amount of FTM burnt, 
    <span
      class="number"
    >
      70%
    </span>
     of the fees paid to the Opera network go to validators, the remaining 
    <span
      class="number"
    >
      30%
    </span>
     are burnt forever. Fantom has a maximum supply of 
    <span
      class="number"
    >
      3.175 Billion
    </span>
    , for which the burn is slowly reducing. 
  </p>
</div>
`;
